// Jest Snapshot v1, https://goo.gl/fbAQLP

exports[`snapshot test: with empty data 1`] = `
<div
  className="imageName flex-horizontal -vertical-center"
>
  <span
    className="imageName__nameLabel"
    onClick={[Function]}
  />
</div>
`;
