// Jest Snapshot v1, https://goo.gl/fbAQLP

exports[`renders correctly 1`] = `
<article
  className="root scene-root"
>
  <header>
    Not found
  </header>
  <p>
    Now why'd you have and come to a place that doesn't exist
  </p>
</article>
`;
