// Jest Snapshot v1, https://goo.gl/fbAQLP

exports[`matches snapshot 1`] = `
<main
  className="root"
>
  <BrowserRouter>
    <Switch>
      <Route
        component={[Function]}
        path="/editor"
      />
      <Route
        component={[Function]}
        exact={true}
        path="/"
      />
      <Route
        component={[Function]}
      />
    </Switch>
  </BrowserRouter>
</main>
`;
